---
source: gumiho-mudang-cli/tests/integration/test_deps.rs
assertion_line: 202
expression: normalized
---
PaymentService — direct dependencies
──────────────────────────────────────────────────────────────────────────────
calls:
  logger.info             (external)
  logger.warn             (external)
  validateAmount          src/payments/service.ts

imports (external):
  ../utils/logger::Logger (external)
  ./types::PaymentMethod  (external)
  ./types::PaymentRequest (external)
  ./types::PaymentResult  (external)

references_type:
  Logger                  src/utils/logger.ts
  PaymentMethod           src/payments/types.ts
  PaymentRequest          src/payments/types.ts
