---
source: gumiho-mudang-scope/scope-core/tests/malformed_sources.rs
expression: snapshot_data
---
[
    SkippedRangeRepr {
        reason: "tree_sitter_error:syntax_error",
        start_line: 2,
        end_line: 2,
    },
    SkippedRangeRepr {
        reason: "tree_sitter_error:syntax_error",
        start_line: 2,
        end_line: 6,
    },
    SkippedRangeRepr {
        reason: "tree_sitter_error:syntax_error",
        start_line: 4,
        end_line: 4,
    },
    SkippedRangeRepr {
        reason: "tree_sitter_error:syntax_error",
        start_line: 5,
        end_line: 5,
    },
]
